#
# There is insufficient memory for the Java Runtime Environment to continue.
# Native memory allocation (mmap) failed to map 524288000 bytes for Failed to commit area from 0x000000060d600000 to 0x000000062ca00000 of length 524288000.
# Possible reasons:
#   The system is out of physical RAM or swap space
#   The process is running with CompressedOops enabled, and the Java Heap may be blocking the growth of the native heap
# Possible solutions:
#   Reduce memory load on the system
#   Increase physical memory or swap space
#   Check if swap backing store is full
#   Decrease Java heap size (-Xmx/-Xms)
#   Decrease number of Java threads
#   Decrease Java thread stack sizes (-Xss)
#   Set larger code cache with -XX:ReservedCodeCacheSize=
# This output file may be truncated or incomplete.
#
#  Out of Memory Error (./src/hotspot/os/windows/os_windows.cpp:3387), pid=840308, tid=845860
#
# JRE version:  (11.0.14.1+1) (build )
# Java VM: OpenJDK 64-Bit Server VM (11.0.14.1+1, mixed mode, sharing, tiered, compressed oops, g1 gc, windows-amd64)
# No core dump will be written. Minidumps are not enabled by default on client versions of Windows
#

---------------  S U M M A R Y ------------

Command Line: -Dfile.encoding=UTF-8 

Host: AMD Ryzen 7 7800X3D 8-Core Processor           , 16 cores, 31G,  Windows 11 , 64 bit Build 22621 (10.0.22621.3958)
Time: Sat Sep 28 02:04:39 2024 대한민국 표준시 elapsed time: 0.043898 seconds (0d 0h 0m 0s)

---------------  T H R E A D  ---------------

Current thread (0x000002a69d37f800):  JavaThread "Unknown thread" [_thread_in_vm, id=845860, stack(0x000000ba14e00000,0x000000ba14f00000)]

Stack: [0x000000ba14e00000,0x000000ba14f00000]
Native frames: (J=compiled Java code, j=interpreted, Vv=VM code, C=native code)
V  [jvm.dll+0x61e59a]
V  [jvm.dll+0x7aaca9]
V  [jvm.dll+0x7ac398]
V  [jvm.dll+0x7aca73]
V  [jvm.dll+0x24f9b8]
V  [jvm.dll+0x61b83a]
V  [jvm.dll+0x6100c5]
V  [jvm.dll+0x30772c]
V  [jvm.dll+0x3075b2]
V  [jvm.dll+0x30c2d6]
V  [jvm.dll+0x35272f]
V  [jvm.dll+0x352160]
V  [jvm.dll+0x2e4728]
V  [jvm.dll+0x2e5886]
V  [jvm.dll+0x784b07]
V  [jvm.dll+0x78628f]
V  [jvm.dll+0x35f479]
V  [jvm.dll+0x767aa0]
V  [jvm.dll+0x3ccf1f]
V  [jvm.dll+0x3cf2b1]
C  [jli.dll+0x5207]
C  [ucrtbase.dll+0x29333]
C  [KERNEL32.DLL+0x1257d]
C  [ntdll.dll+0x5af28]


---------------  P R O C E S S  ---------------

Threads class SMR info:
_java_thread_list=0x000002a69d0e6ef0, length=0, elements={
}

Java Threads: ( => current thread )

Other Threads:
  0x000002a69d397800 GCTaskThread "GC Thread#0" [stack: 0x000000ba14f00000,0x000000ba15000000] [id=845924]
  0x000002a69d417800 ConcurrentGCThread "G1 Main Marker" [stack: 0x000000ba15000000,0x000000ba15100000] [id=845928]
  0x000002a69d419000 ConcurrentGCThread "G1 Conc#0" [stack: 0x000000ba15100000,0x000000ba15200000] [id=845932]

[error occurred during error reporting (printing all threads), id 0xc0000005, EXCEPTION_ACCESS_VIOLATION (0xc0000005) at pc=0x00007ffae2b53ef7]

VM state:not at safepoint (not fully initialized)

VM Mutex/Monitor currently owned by a thread:  ([mutex/lock_event])
[0x000002a69d37c0c0] Heap_lock - owner thread: 0x000002a69d37f800

Heap address: 0x000000060d600000, size: 7978 MB, Compressed Oops mode: Non-zero based: 0x000000060d600000
Narrow klass base: 0x0000000000000000, Narrow klass shift: 0

GC Heap History (0 events):
No events

Deoptimization events (0 events):
No events

Classes redefined (0 events):
No events

Internal exceptions (0 events):
No events

Events (1 events):
Event: 0.028 Loaded shared library C:\Program Files\Unity\Hub\Editor\2022.3.32f1\Editor\Data\PlaybackEngines\AndroidPlayer\OpenJDK\bin\zip.dll


Dynamic libraries:
0x00007ff6b16b0000 - 0x00007ff6b16bd000 	C:\Program Files\Unity\Hub\Editor\2022.3.32f1\Editor\Data\PlaybackEngines\AndroidPlayer\OpenJDK\bin\java.exe
0x00007ffbd29f0000 - 0x00007ffbd2c07000 	C:\WINDOWS\SYSTEM32\ntdll.dll
0x00007ffbd1c60000 - 0x00007ffbd1d24000 	C:\WINDOWS\System32\KERNEL32.DLL
0x00007ffbcffa0000 - 0x00007ffbd034d000 	C:\WINDOWS\System32\KERNELBASE.dll
0x00007ffbd04e0000 - 0x00007ffbd05f1000 	C:\WINDOWS\System32\ucrtbase.dll
0x00007ffaefe90000 - 0x00007ffaefea7000 	C:\Program Files\Unity\Hub\Editor\2022.3.32f1\Editor\Data\PlaybackEngines\AndroidPlayer\OpenJDK\bin\jli.dll
0x00007ffaefe70000 - 0x00007ffaefe85000 	C:\Program Files\Unity\Hub\Editor\2022.3.32f1\Editor\Data\PlaybackEngines\AndroidPlayer\OpenJDK\bin\VCRUNTIME140.dll
0x00007ffbd23b0000 - 0x00007ffbd255e000 	C:\WINDOWS\System32\USER32.dll
0x00007ffbcfd10000 - 0x00007ffbcfd36000 	C:\WINDOWS\System32\win32u.dll
0x00007ffbd16a0000 - 0x00007ffbd16c9000 	C:\WINDOWS\System32\GDI32.dll
0x00007ffbd0600000 - 0x00007ffbd0719000 	C:\WINDOWS\System32\gdi32full.dll
0x00007ffbd0350000 - 0x00007ffbd03ea000 	C:\WINDOWS\System32\msvcp_win.dll
0x00007ffbc3a30000 - 0x00007ffbc3cc3000 	C:\WINDOWS\WinSxS\amd64_microsoft.windows.common-controls_6595b64144ccf1df_6.0.22621.3672_none_2713b9d173822955\COMCTL32.dll
0x00007ffbd0720000 - 0x00007ffbd07c7000 	C:\WINDOWS\System32\msvcrt.dll
0x00007ffbd1ef0000 - 0x00007ffbd1f21000 	C:\WINDOWS\System32\IMM32.DLL
0x00007ffae3aa0000 - 0x00007ffae3b3b000 	C:\Program Files\Unity\Hub\Editor\2022.3.32f1\Editor\Data\PlaybackEngines\AndroidPlayer\OpenJDK\bin\msvcp140.dll
0x00007ffae2860000 - 0x00007ffae33e1000 	C:\Program Files\Unity\Hub\Editor\2022.3.32f1\Editor\Data\PlaybackEngines\AndroidPlayer\OpenJDK\bin\server\jvm.dll
0x00007ffbd1560000 - 0x00007ffbd1612000 	C:\WINDOWS\System32\ADVAPI32.dll
0x00007ffbd1730000 - 0x00007ffbd17d9000 	C:\WINDOWS\System32\sechost.dll
0x00007ffbd04b0000 - 0x00007ffbd04d8000 	C:\WINDOWS\System32\bcrypt.dll
0x00007ffbd18e0000 - 0x00007ffbd19f4000 	C:\WINDOWS\System32\RPCRT4.dll
0x00007ffbd16d0000 - 0x00007ffbd16d8000 	C:\WINDOWS\System32\PSAPI.DLL
0x00007ffbc5580000 - 0x00007ffbc55b4000 	C:\WINDOWS\SYSTEM32\WINMM.dll
0x00007ffbc76e0000 - 0x00007ffbc76ea000 	C:\WINDOWS\SYSTEM32\VERSION.dll
0x00007ffbb6f70000 - 0x00007ffbb6f79000 	C:\WINDOWS\SYSTEM32\WSOCK32.dll
0x00007ffbd07d0000 - 0x00007ffbd0841000 	C:\WINDOWS\System32\WS2_32.dll
0x00007ffbcf060000 - 0x00007ffbcf078000 	C:\WINDOWS\SYSTEM32\kernel.appcore.dll
0x00007ffb1b0e0000 - 0x00007ffb1b0f0000 	C:\Program Files\Unity\Hub\Editor\2022.3.32f1\Editor\Data\PlaybackEngines\AndroidPlayer\OpenJDK\bin\verify.dll
0x00007ffbc4a40000 - 0x00007ffbc4c72000 	C:\WINDOWS\SYSTEM32\DBGHELP.DLL
0x00007ffbd0850000 - 0x00007ffbd0bde000 	C:\WINDOWS\System32\combase.dll
0x00007ffbd1800000 - 0x00007ffbd18d7000 	C:\WINDOWS\System32\OLEAUT32.dll
0x00007ffbbef10000 - 0x00007ffbbef42000 	C:\WINDOWS\SYSTEM32\dbgcore.DLL
0x00007ffbcfd40000 - 0x00007ffbcfdbb000 	C:\WINDOWS\System32\bcryptPrimitives.dll
0x00007ffae3a70000 - 0x00007ffae3a98000 	C:\Program Files\Unity\Hub\Editor\2022.3.32f1\Editor\Data\PlaybackEngines\AndroidPlayer\OpenJDK\bin\java.dll
0x00007ffb1a9b0000 - 0x00007ffb1a9ba000 	C:\Program Files\Unity\Hub\Editor\2022.3.32f1\Editor\Data\PlaybackEngines\AndroidPlayer\OpenJDK\bin\jimage.dll
0x00007ffaecc90000 - 0x00007ffaecca8000 	C:\Program Files\Unity\Hub\Editor\2022.3.32f1\Editor\Data\PlaybackEngines\AndroidPlayer\OpenJDK\bin\zip.dll

dbghelp: loaded successfully - version: 4.0.5 - missing functions: none
symbol engine: initialized successfully - sym options: 0x614 - pdb path: .;C:\Program Files\Unity\Hub\Editor\2022.3.32f1\Editor\Data\PlaybackEngines\AndroidPlayer\OpenJDK\bin;C:\WINDOWS\SYSTEM32;C:\WINDOWS\WinSxS\amd64_microsoft.windows.common-controls_6595b64144ccf1df_6.0.22621.3672_none_2713b9d173822955;C:\Program Files\Unity\Hub\Editor\2022.3.32f1\Editor\Data\PlaybackEngines\AndroidPlayer\OpenJDK\bin\server

VM Arguments:
jvm_args: -Dfile.encoding=UTF-8 
java_command: <unknown>
java_class_path (initial): <not set>
Launcher Type: SUN_STANDARD

[Global flags]
     intx CICompilerCount                          = 12                                        {product} {ergonomic}
     uint ConcGCThreads                            = 3                                         {product} {ergonomic}
     uint G1ConcRefinementThreads                  = 13                                        {product} {ergonomic}
   size_t G1HeapRegionSize                         = 2097152                                   {product} {ergonomic}
    uintx GCDrainStackTargetSize                   = 64                                        {product} {ergonomic}
   size_t InitialHeapSize                          = 524288000                                 {product} {ergonomic}
   size_t MarkStackSize                            = 4194304                                   {product} {ergonomic}
   size_t MaxHeapSize                              = 8365539328                                {product} {ergonomic}
   size_t MinHeapDeltaBytes                        = 2097152                                   {product} {ergonomic}
    uintx NonNMethodCodeHeapSize                   = 7594288                                {pd product} {ergonomic}
    uintx NonProfiledCodeHeapSize                  = 122031976                              {pd product} {ergonomic}
    uintx ProfiledCodeHeapSize                     = 122031976                              {pd product} {ergonomic}
    uintx ReservedCodeCacheSize                    = 251658240                              {pd product} {ergonomic}
     bool SegmentedCodeCache                       = true                                      {product} {ergonomic}
     bool UseCompressedClassPointers               = true                                 {lp64_product} {ergonomic}
     bool UseCompressedOops                        = true                                 {lp64_product} {ergonomic}
     bool UseG1GC                                  = true                                      {product} {ergonomic}
     bool UseLargePagesIndividualAllocation        = false                                  {pd product} {ergonomic}

Logging:
Log output configuration:
 #0: stdout all=warning uptime,level,tags
 #1: stderr all=off uptime,level,tags

Environment Variables:
JAVA_TOOL_OPTIONS=-Dfile.encoding=UTF-8
PATH=C:\Program Files\NVIDIA GPU Computing Toolkit\CUDA\v12.2\bin;C:\Program Files\NVIDIA GPU Computing Toolkit\CUDA\v12.2\libnvvp;C:\Program Files (x86)\Common Files\Oracle\Java\javapath;C:\WINDOWS\system32;C:\WINDOWS;C:\WINDOWS\System32\Wbem;C:\WINDOWS\System32\WindowsPowerShell\v1.0\;C:\WINDOWS\System32\OpenSSH\;C:\Program Files\Bandizip\;C:\Program Files\dotnet\;C:\Program Files\NVIDIA Corporation\NVIDIA NvDLISR;C:\Program Files (x86)\NVIDIA Corporation\PhysX\Common;C:\Program Files\NVIDIA Corporation\Nsight Compute 2023.2.2\;C:\Program Files\Git\cmd;C:\Program Files\PuTTY\;C:\Users\rosaa\AppData\Local\Programs\Python\Python310\Scripts\;C:\Users\rosaa\AppData\Local\Programs\Python\Python310\;C:\Users\rosaa\AppData\Local\Microsoft\WindowsApps;;C:\Users\rosaa\AppData\Local\Programs\Microsoft VS Code\bin;C:\Users\rosaa\AppData\Local\afreeca
USERNAME=rosaa
OS=Windows_NT
PROCESSOR_IDENTIFIER=AMD64 Family 25 Model 97 Stepping 2, AuthenticAMD



---------------  S Y S T E M  ---------------

OS: Windows 11 , 64 bit Build 22621 (10.0.22621.3958)
OS uptime: 14 days 4:18 hours

CPU:total 16 (initial active 16) (16 cores per cpu, 2 threads per core) family 25 model 97 stepping 2 microcode 0x0, cmov, cx8, fxsr, mmx, sse, sse2, sse3, ssse3, sse4.1, sse4.2, popcnt, avx, avx2, aes, clmul, erms, mmxext, 3dnowpref, lzcnt, sse4a, ht, tsc, tscinvbit, tscinv, bmi1, bmi2, adx, evex, sha, fma

Memory: 4k page, system-wide physical 31904M (839M free)
TotalPageFile size 51440M (AvailPageFile size 225M)
current process WorkingSet (physical memory assigned to process): 12M, peak: 12M
current process commit charge ("private bytes"): 71M, peak: 571M

vm_info: OpenJDK 64-Bit Server VM (11.0.14.1+1) for windows-amd64 JRE (11.0.14.1+1), built on Feb  9 2022 01:48:27 by "" with unknown MS VC++:1916

END.
